// Jest Snapshot v1, https://goo.gl/fbAQLP

exports[`responsivePlugin should write responsive js file and run formatting tool: /export-path/responsive.ts 1`] = `
"
    /* eslint-disable max-lines */
    /* eslint-disable @typescript-eslint/naming-convention */
    export const responsiveVariants = {".spacing-40-p":{"padding":"8px","@media (min-width: 1440px)":{"padding":"4px"}},".spacing-40-px":{"padding-left":"8px","padding-right":"8px","@media (min-width: 1440px)":{"padding-left":"4px","padding-right":"4px"}},".spacing-40-py":{"padding-top":"8px","padding-bottom":"8px","@media (min-width: 1440px)":{"padding-top":"4px","padding-bottom":"4px"}},".spacing-40-pt":{"padding-top":"8px","@media (min-width: 1440px)":{"padding-top":"4px"}},".spacing-40-pb":{"padding-bottom":"8px","@media (min-width: 1440px)":{"padding-bottom":"4px"}},".spacing-40-pl":{"padding-left":"8px","@media (min-width: 1440px)":{"padding-left":"4px"}},".spacing-40-pr":{"padding-right":"8px","@media (min-width: 1440px)":{"padding-right":"4px"}},".spacing-40-m":{"margin":"8px","@media (min-width: 1440px)":{"margin":"4px"}},".spacing-40-mx":{"margin-left":"8px","margin-right":"8px","@media (min-width: 1440px)":{"margin-left":"4px","margin-right":"4px"}},".spacing-40-my":{"margin-top":"8px","margin-bottom":"8px","@media (min-width: 1440px)":{"margin-top":"4px","margin-bottom":"4px"}},".spacing-40-mt":{"margin-top":"8px","@media (min-width: 1440px)":{"margin-top":"4px"}},".spacing-40-mb":{"margin-bottom":"8px","@media (min-width: 1440px)":{"margin-bottom":"4px"}},".spacing-40-ml":{"margin-left":"8px","@media (min-width: 1440px)":{"margin-left":"4px"}},".spacing-40-mr":{"margin-right":"8px","@media (min-width: 1440px)":{"margin-right":"4px"}},".spacing-40-gap":{"gap":"8px","@media (min-width: 1440px)":{"gap":"4px"}},".spacing-40-max-width":{"max-width":"8px","@media (min-width: 1440px)":{"max-width":"4px"}},".spacing-40-min-width":{"min-width":"8px","@media (min-width: 1440px)":{"min-width":"4px"}},".spacing-80-p":{"padding":"8px"},".spacing-80-px":{"padding-left":"8px","padding-right":"8px"},".spacing-80-py":{"padding-top":"8px","padding-bottom":"8px"},".spacing-80-pt":{"padding-top":"8px"},".spacing-80-pb":{"padding-bottom":"8px"},".spacing-80-pl":{"padding-left":"8px"},".spacing-80-pr":{"padding-right":"8px"},".spacing-80-m":{"margin":"8px"},".spacing-80-mx":{"margin-left":"8px","margin-right":"8px"},".spacing-80-my":{"margin-top":"8px","margin-bottom":"8px"},".spacing-80-mt":{"margin-top":"8px"},".spacing-80-mb":{"margin-bottom":"8px"},".spacing-80-ml":{"margin-left":"8px"},".spacing-80-mr":{"margin-right":"8px"},".spacing-80-gap":{"gap":"8px"},".spacing-80-max-width":{"max-width":"8px"},".spacing-80-min-width":{"min-width":"8px"},".spacing-120-p":{"padding":"12px"},".spacing-120-px":{"padding-left":"12px","padding-right":"12px"},".spacing-120-py":{"padding-top":"12px","padding-bottom":"12px"},".spacing-120-pt":{"padding-top":"12px"},".spacing-120-pb":{"padding-bottom":"12px"},".spacing-120-pl":{"padding-left":"12px"},".spacing-120-pr":{"padding-right":"12px"},".spacing-120-m":{"margin":"12px"},".spacing-120-mx":{"margin-left":"12px","margin-right":"12px"},".spacing-120-my":{"margin-top":"12px","margin-bottom":"12px"},".spacing-120-mt":{"margin-top":"12px"},".spacing-120-mb":{"margin-bottom":"12px"},".spacing-120-ml":{"margin-left":"12px"},".spacing-120-mr":{"margin-right":"12px"},".spacing-120-gap":{"gap":"12px"},".spacing-120-max-width":{"max-width":"12px"},".spacing-120-min-width":{"min-width":"12px"},".spacing-160-p":{"padding":"16px"},".spacing-160-px":{"padding-left":"16px","padding-right":"16px"},".spacing-160-py":{"padding-top":"16px","padding-bottom":"16px"},".spacing-160-pt":{"padding-top":"16px"},".spacing-160-pb":{"padding-bottom":"16px"},".spacing-160-pl":{"padding-left":"16px"},".spacing-160-pr":{"padding-right":"16px"},".spacing-160-m":{"margin":"16px"},".spacing-160-mx":{"margin-left":"16px","margin-right":"16px"},".spacing-160-my":{"margin-top":"16px","margin-bottom":"16px"},".spacing-160-mt":{"margin-top":"16px"},".spacing-160-mb":{"margin-bottom":"16px"},".spacing-160-ml":{"margin-left":"16px"},".spacing-160-mr":{"margin-right":"16px"},".spacing-160-gap":{"gap":"16px"},".spacing-160-max-width":{"max-width":"16px"},".spacing-160-min-width":{"min-width":"16px"},".spacing-240-p":{"padding":"24px"},".spacing-240-px":{"padding-left":"24px","padding-right":"24px"},".spacing-240-py":{"padding-top":"24px","padding-bottom":"24px"},".spacing-240-pt":{"padding-top":"24px"},".spacing-240-pb":{"padding-bottom":"24px"},".spacing-240-pl":{"padding-left":"24px"},".spacing-240-pr":{"padding-right":"24px"},".spacing-240-m":{"margin":"24px"},".spacing-240-mx":{"margin-left":"24px","margin-right":"24px"},".spacing-240-my":{"margin-top":"24px","margin-bottom":"24px"},".spacing-240-mt":{"margin-top":"24px"},".spacing-240-mb":{"margin-bottom":"24px"},".spacing-240-ml":{"margin-left":"24px"},".spacing-240-mr":{"margin-right":"24px"},".spacing-240-gap":{"gap":"24px"},".spacing-240-max-width":{"max-width":"24px"},".spacing-240-min-width":{"min-width":"24px"},".spacing-400-p":{"padding":"24px","@media (min-width: 1024px)":{"padding":"32px"},"@media (min-width: 1440px)":{"padding":"40px"}},".spacing-400-px":{"padding-left":"24px","padding-right":"24px","@media (min-width: 1024px)":{"padding-left":"32px","padding-right":"32px"},"@media (min-width: 1440px)":{"padding-left":"40px","padding-right":"40px"}},".spacing-400-py":{"padding-top":"24px","padding-bottom":"24px","@media (min-width: 1024px)":{"padding-top":"32px","padding-bottom":"32px"},"@media (min-width: 1440px)":{"padding-top":"40px","padding-bottom":"40px"}},".spacing-400-pt":{"padding-top":"24px","@media (min-width: 1024px)":{"padding-top":"32px"},"@media (min-width: 1440px)":{"padding-top":"40px"}},".spacing-400-pb":{"padding-bottom":"24px","@media (min-width: 1024px)":{"padding-bottom":"32px"},"@media (min-width: 1440px)":{"padding-bottom":"40px"}},".spacing-400-pl":{"padding-left":"24px","@media (min-width: 1024px)":{"padding-left":"32px"},"@media (min-width: 1440px)":{"padding-left":"40px"}},".spacing-400-pr":{"padding-right":"24px","@media (min-width: 1024px)":{"padding-right":"32px"},"@media (min-width: 1440px)":{"padding-right":"40px"}},".spacing-400-m":{"margin":"24px","@media (min-width: 1024px)":{"margin":"32px"},"@media (min-width: 1440px)":{"margin":"40px"}},".spacing-400-mx":{"margin-left":"24px","margin-right":"24px","@media (min-width: 1024px)":{"margin-left":"32px","margin-right":"32px"},"@media (min-width: 1440px)":{"margin-left":"40px","margin-right":"40px"}},".spacing-400-my":{"margin-top":"24px","margin-bottom":"24px","@media (min-width: 1024px)":{"margin-top":"32px","margin-bottom":"32px"},"@media (min-width: 1440px)":{"margin-top":"40px","margin-bottom":"40px"}},".spacing-400-mt":{"margin-top":"24px","@media (min-width: 1024px)":{"margin-top":"32px"},"@media (min-width: 1440px)":{"margin-top":"40px"}},".spacing-400-mb":{"margin-bottom":"24px","@media (min-width: 1024px)":{"margin-bottom":"32px"},"@media (min-width: 1440px)":{"margin-bottom":"40px"}},".spacing-400-ml":{"margin-left":"24px","@media (min-width: 1024px)":{"margin-left":"32px"},"@media (min-width: 1440px)":{"margin-left":"40px"}},".spacing-400-mr":{"margin-right":"24px","@media (min-width: 1024px)":{"margin-right":"32px"},"@media (min-width: 1440px)":{"margin-right":"40px"}},".spacing-400-gap":{"gap":"24px","@media (min-width: 1024px)":{"gap":"32px"},"@media (min-width: 1440px)":{"gap":"40px"}},".spacing-400-max-width":{"max-width":"24px","@media (min-width: 1024px)":{"max-width":"32px"},"@media (min-width: 1440px)":{"max-width":"40px"}},".spacing-400-min-width":{"min-width":"24px","@media (min-width: 1024px)":{"min-width":"32px"},"@media (min-width: 1440px)":{"min-width":"40px"}},".spacing-480-p":{"padding":"24px","@media (min-width: 1024px)":{"padding":"40px"},"@media (min-width: 1440px)":{"padding":"48px"}},".spacing-480-px":{"padding-left":"24px","padding-right":"24px","@media (min-width: 1024px)":{"padding-left":"40px","padding-right":"40px"},"@media (min-width: 1440px)":{"padding-left":"48px","padding-right":"48px"}},".spacing-480-py":{"padding-top":"24px","padding-bottom":"24px","@media (min-width: 1024px)":{"padding-top":"40px","padding-bottom":"40px"},"@media (min-width: 1440px)":{"padding-top":"48px","padding-bottom":"48px"}},".spacing-480-pt":{"padding-top":"24px","@media (min-width: 1024px)":{"padding-top":"40px"},"@media (min-width: 1440px)":{"padding-top":"48px"}},".spacing-480-pb":{"padding-bottom":"24px","@media (min-width: 1024px)":{"padding-bottom":"40px"},"@media (min-width: 1440px)":{"padding-bottom":"48px"}},".spacing-480-pl":{"padding-left":"24px","@media (min-width: 1024px)":{"padding-left":"40px"},"@media (min-width: 1440px)":{"padding-left":"48px"}},".spacing-480-pr":{"padding-right":"24px","@media (min-width: 1024px)":{"padding-right":"40px"},"@media (min-width: 1440px)":{"padding-right":"48px"}},".spacing-480-m":{"margin":"24px","@media (min-width: 1024px)":{"margin":"40px"},"@media (min-width: 1440px)":{"margin":"48px"}},".spacing-480-mx":{"margin-left":"24px","margin-right":"24px","@media (min-width: 1024px)":{"margin-left":"40px","margin-right":"40px"},"@media (min-width: 1440px)":{"margin-left":"48px","margin-right":"48px"}},".spacing-480-my":{"margin-top":"24px","margin-bottom":"24px","@media (min-width: 1024px)":{"margin-top":"40px","margin-bottom":"40px"},"@media (min-width: 1440px)":{"margin-top":"48px","margin-bottom":"48px"}},".spacing-480-mt":{"margin-top":"24px","@media (min-width: 1024px)":{"margin-top":"40px"},"@media (min-width: 1440px)":{"margin-top":"48px"}},".spacing-480-mb":{"margin-bottom":"24px","@media (min-width: 1024px)":{"margin-bottom":"40px"},"@media (min-width: 1440px)":{"margin-bottom":"48px"}},".spacing-480-ml":{"margin-left":"24px","@media (min-width: 1024px)":{"margin-left":"40px"},"@media (min-width: 1440px)":{"margin-left":"48px"}},".spacing-480-mr":{"margin-right":"24px","@media (min-width: 1024px)":{"margin-right":"40px"},"@media (min-width: 1440px)":{"margin-right":"48px"}},".spacing-480-gap":{"gap":"24px","@media (min-width: 1024px)":{"gap":"40px"},"@media (min-width: 1440px)":{"gap":"48px"}},".spacing-480-max-width":{"max-width":"24px","@media (min-width: 1024px)":{"max-width":"40px"},"@media (min-width: 1440px)":{"max-width":"48px"}},".spacing-480-min-width":{"min-width":"24px","@media (min-width: 1024px)":{"min-width":"40px"},"@media (min-width: 1440px)":{"min-width":"48px"}},".spacing-640-p":{"padding":"24px","@media (min-width: 580px)":{"padding":"40px"},"@media (min-width: 1024px)":{"padding":"64px"}},".spacing-640-px":{"padding-left":"24px","padding-right":"24px","@media (min-width: 580px)":{"padding-left":"40px","padding-right":"40px"},"@media (min-width: 1024px)":{"padding-left":"64px","padding-right":"64px"}},".spacing-640-py":{"padding-top":"24px","padding-bottom":"24px","@media (min-width: 580px)":{"padding-top":"40px","padding-bottom":"40px"},"@media (min-width: 1024px)":{"padding-top":"64px","padding-bottom":"64px"}},".spacing-640-pt":{"padding-top":"24px","@media (min-width: 580px)":{"padding-top":"40px"},"@media (min-width: 1024px)":{"padding-top":"64px"}},".spacing-640-pb":{"padding-bottom":"24px","@media (min-width: 580px)":{"padding-bottom":"40px"},"@media (min-width: 1024px)":{"padding-bottom":"64px"}},".spacing-640-pl":{"padding-left":"24px","@media (min-width: 580px)":{"padding-left":"40px"},"@media (min-width: 1024px)":{"padding-left":"64px"}},".spacing-640-pr":{"padding-right":"24px","@media (min-width: 580px)":{"padding-right":"40px"},"@media (min-width: 1024px)":{"padding-right":"64px"}},".spacing-640-m":{"margin":"24px","@media (min-width: 580px)":{"margin":"40px"},"@media (min-width: 1024px)":{"margin":"64px"}},".spacing-640-mx":{"margin-left":"24px","margin-right":"24px","@media (min-width: 580px)":{"margin-left":"40px","margin-right":"40px"},"@media (min-width: 1024px)":{"margin-left":"64px","margin-right":"64px"}},".spacing-640-my":{"margin-top":"24px","margin-bottom":"24px","@media (min-width: 580px)":{"margin-top":"40px","margin-bottom":"40px"},"@media (min-width: 1024px)":{"margin-top":"64px","margin-bottom":"64px"}},".spacing-640-mt":{"margin-top":"24px","@media (min-width: 580px)":{"margin-top":"40px"},"@media (min-width: 1024px)":{"margin-top":"64px"}},".spacing-640-mb":{"margin-bottom":"24px","@media (min-width: 580px)":{"margin-bottom":"40px"},"@media (min-width: 1024px)":{"margin-bottom":"64px"}},".spacing-640-ml":{"margin-left":"24px","@media (min-width: 580px)":{"margin-left":"40px"},"@media (min-width: 1024px)":{"margin-left":"64px"}},".spacing-640-mr":{"margin-right":"24px","@media (min-width: 580px)":{"margin-right":"40px"},"@media (min-width: 1024px)":{"margin-right":"64px"}},".spacing-640-gap":{"gap":"24px","@media (min-width: 580px)":{"gap":"40px"},"@media (min-width: 1024px)":{"gap":"64px"}},".spacing-640-max-width":{"max-width":"24px","@media (min-width: 580px)":{"max-width":"40px"},"@media (min-width: 1024px)":{"max-width":"64px"}},".spacing-640-min-width":{"min-width":"24px","@media (min-width: 580px)":{"min-width":"40px"},"@media (min-width: 1024px)":{"min-width":"64px"}},".container-padding-px-80":{"padding-left":"8px","padding-right":"8px"},".container-padding-py-80":{"padding-top":"8px","padding-bottom":"8px"},".container-padding-px-160":{"padding-left":"16px","padding-right":"16px"},".container-padding-py-160":{"padding-top":"16px","padding-bottom":"16px"},".container-padding-px-240":{"padding-left":"16px","padding-right":"16px","@media (min-width: 580px)":{"padding-left":"24px","padding-right":"24px"}},".container-padding-py-240":{"padding-top":"16px","padding-bottom":"16px","@media (min-width: 580px)":{"padding-top":"24px","padding-bottom":"24px"}},".container-padding-px-800":{"padding-left":"16px","padding-right":"16px","@media (min-width: 580px)":{"padding-left":"24px","padding-right":"24px"},"@media (min-width: 1024px)":{"padding-left":"40px","padding-right":"40px"},"@media (min-width: 1440px)":{"padding-left":"80px","padding-right":"80px"}},".container-padding-py-800":{"padding-top":"16px","padding-bottom":"16px","@media (min-width: 580px)":{"padding-top":"24px","padding-bottom":"24px"},"@media (min-width: 1024px)":{"padding-top":"40px","padding-bottom":"40px"},"@media (min-width: 1440px)":{"padding-top":"80px","padding-bottom":"80px"}},".container-padding-px-1600":{"padding-left":"16px","padding-right":"16px","@media (min-width: 580px)":{"padding-left":"40px","padding-right":"40px"},"@media (min-width: 1024px)":{"padding-left":"160px","padding-right":"160px"}},".container-padding-py-1600":{"padding-top":"80px","padding-bottom":"80px","@media (min-width: 1024px)":{"padding-top":"160px","padding-bottom":"160px"}},".container-gap-80":{"gap":"8px"},".container-gap-160":{"gap":"16px"},".container-gap-240":{"gap":"24px"},".container-gap-400":{"gap":"24px","@media (min-width: 580px)":{"gap":"32px"},"@media (min-width: 1024px)":{"gap":"40px"}},".container-gap-800":{"gap":"80px"},".container-max-width-1000":{"max-width":"679px","@media (min-width: 580px)":{"max-width":"1023px"},"@media (min-width: 1024px)":{"max-width":"1439px"},"@media (min-width: 1440px)":{"max-width":"1920px"}},".container-max-width-800":{"max-width":"800px"},".container-max-width-500":{"max-width":"600px"},".container-max-width-400":{"max-width":"480px"},".container-max-width-300":{"max-width":"320px"},".container-min-width-100":{"min-width":"320px","@media (min-width: 580px)":{"min-width":"680px"},"@media (min-width: 1024px)":{"min-width":"1024px"},"@media (min-width: 1440px)":{"min-width":"1440px"}},".container-spacing-40-p":{"padding":"8px","@media (min-width: 1440px)":{"padding":"4px"}},".container-spacing-40-px":{"padding-left":"8px","padding-right":"8px","@media (min-width: 1440px)":{"padding-left":"4px","padding-right":"4px"}},".container-spacing-40-py":{"padding-top":"8px","padding-bottom":"8px","@media (min-width: 1440px)":{"padding-top":"4px","padding-bottom":"4px"}},".container-spacing-40-pt":{"padding-top":"8px","@media (min-width: 1440px)":{"padding-top":"4px"}},".container-spacing-40-pb":{"padding-bottom":"8px","@media (min-width: 1440px)":{"padding-bottom":"4px"}},".container-spacing-40-pl":{"padding-left":"8px","@media (min-width: 1440px)":{"padding-left":"4px"}},".container-spacing-40-pr":{"padding-right":"8px","@media (min-width: 1440px)":{"padding-right":"4px"}},".container-spacing-40-m":{"margin":"8px","@media (min-width: 1440px)":{"margin":"4px"}},".container-spacing-40-mx":{"margin-left":"8px","margin-right":"8px","@media (min-width: 1440px)":{"margin-left":"4px","margin-right":"4px"}},".container-spacing-40-my":{"margin-top":"8px","margin-bottom":"8px","@media (min-width: 1440px)":{"margin-top":"4px","margin-bottom":"4px"}},".container-spacing-40-mt":{"margin-top":"8px","@media (min-width: 1440px)":{"margin-top":"4px"}},".container-spacing-40-mb":{"margin-bottom":"8px","@media (min-width: 1440px)":{"margin-bottom":"4px"}},".container-spacing-40-ml":{"margin-left":"8px","@media (min-width: 1440px)":{"margin-left":"4px"}},".container-spacing-40-mr":{"margin-right":"8px","@media (min-width: 1440px)":{"margin-right":"4px"}},".container-spacing-40-gap":{"gap":"8px","@media (min-width: 1440px)":{"gap":"4px"}},".container-spacing-40-max-width":{"max-width":"8px","@media (min-width: 1440px)":{"max-width":"4px"}},".container-spacing-40-min-width":{"min-width":"8px","@media (min-width: 1440px)":{"min-width":"4px"}},".container-spacing-80-p":{"padding":"8px"},".container-spacing-80-px":{"padding-left":"8px","padding-right":"8px"},".container-spacing-80-py":{"padding-top":"8px","padding-bottom":"8px"},".container-spacing-80-pt":{"padding-top":"8px"},".container-spacing-80-pb":{"padding-bottom":"8px"},".container-spacing-80-pl":{"padding-left":"8px"},".container-spacing-80-pr":{"padding-right":"8px"},".container-spacing-80-m":{"margin":"8px"},".container-spacing-80-mx":{"margin-left":"8px","margin-right":"8px"},".container-spacing-80-my":{"margin-top":"8px","margin-bottom":"8px"},".container-spacing-80-mt":{"margin-top":"8px"},".container-spacing-80-mb":{"margin-bottom":"8px"},".container-spacing-80-ml":{"margin-left":"8px"},".container-spacing-80-mr":{"margin-right":"8px"},".container-spacing-80-gap":{"gap":"8px"},".container-spacing-80-max-width":{"max-width":"8px"},".container-spacing-80-min-width":{"min-width":"8px"},".container-spacing-120-p":{"padding":"12px"},".container-spacing-120-px":{"padding-left":"12px","padding-right":"12px"},".container-spacing-120-py":{"padding-top":"12px","padding-bottom":"12px"},".container-spacing-120-pt":{"padding-top":"12px"},".container-spacing-120-pb":{"padding-bottom":"12px"},".container-spacing-120-pl":{"padding-left":"12px"},".container-spacing-120-pr":{"padding-right":"12px"},".container-spacing-120-m":{"margin":"12px"},".container-spacing-120-mx":{"margin-left":"12px","margin-right":"12px"},".container-spacing-120-my":{"margin-top":"12px","margin-bottom":"12px"},".container-spacing-120-mt":{"margin-top":"12px"},".container-spacing-120-mb":{"margin-bottom":"12px"},".container-spacing-120-ml":{"margin-left":"12px"},".container-spacing-120-mr":{"margin-right":"12px"},".container-spacing-120-gap":{"gap":"12px"},".container-spacing-120-max-width":{"max-width":"12px"},".container-spacing-120-min-width":{"min-width":"12px"},".container-spacing-160-p":{"padding":"16px"},".container-spacing-160-px":{"padding-left":"16px","padding-right":"16px"},".container-spacing-160-py":{"padding-top":"16px","padding-bottom":"16px"},".container-spacing-160-pt":{"padding-top":"16px"},".container-spacing-160-pb":{"padding-bottom":"16px"},".container-spacing-160-pl":{"padding-left":"16px"},".container-spacing-160-pr":{"padding-right":"16px"},".container-spacing-160-m":{"margin":"16px"},".container-spacing-160-mx":{"margin-left":"16px","margin-right":"16px"},".container-spacing-160-my":{"margin-top":"16px","margin-bottom":"16px"},".container-spacing-160-mt":{"margin-top":"16px"},".container-spacing-160-mb":{"margin-bottom":"16px"},".container-spacing-160-ml":{"margin-left":"16px"},".container-spacing-160-mr":{"margin-right":"16px"},".container-spacing-160-gap":{"gap":"16px"},".container-spacing-160-max-width":{"max-width":"16px"},".container-spacing-160-min-width":{"min-width":"16px"},".container-spacing-240-p":{"padding":"24px"},".container-spacing-240-px":{"padding-left":"24px","padding-right":"24px"},".container-spacing-240-py":{"padding-top":"24px","padding-bottom":"24px"},".container-spacing-240-pt":{"padding-top":"24px"},".container-spacing-240-pb":{"padding-bottom":"24px"},".container-spacing-240-pl":{"padding-left":"24px"},".container-spacing-240-pr":{"padding-right":"24px"},".container-spacing-240-m":{"margin":"24px"},".container-spacing-240-mx":{"margin-left":"24px","margin-right":"24px"},".container-spacing-240-my":{"margin-top":"24px","margin-bottom":"24px"},".container-spacing-240-mt":{"margin-top":"24px"},".container-spacing-240-mb":{"margin-bottom":"24px"},".container-spacing-240-ml":{"margin-left":"24px"},".container-spacing-240-mr":{"margin-right":"24px"},".container-spacing-240-gap":{"gap":"24px"},".container-spacing-240-max-width":{"max-width":"24px"},".container-spacing-240-min-width":{"min-width":"24px"},".container-spacing-400-p":{"padding":"24px","@media (min-width: 1024px)":{"padding":"32px"},"@media (min-width: 1440px)":{"padding":"40px"}},".container-spacing-400-px":{"padding-left":"24px","padding-right":"24px","@media (min-width: 1024px)":{"padding-left":"32px","padding-right":"32px"},"@media (min-width: 1440px)":{"padding-left":"40px","padding-right":"40px"}},".container-spacing-400-py":{"padding-top":"24px","padding-bottom":"24px","@media (min-width: 1024px)":{"padding-top":"32px","padding-bottom":"32px"},"@media (min-width: 1440px)":{"padding-top":"40px","padding-bottom":"40px"}},".container-spacing-400-pt":{"padding-top":"24px","@media (min-width: 1024px)":{"padding-top":"32px"},"@media (min-width: 1440px)":{"padding-top":"40px"}},".container-spacing-400-pb":{"padding-bottom":"24px","@media (min-width: 1024px)":{"padding-bottom":"32px"},"@media (min-width: 1440px)":{"padding-bottom":"40px"}},".container-spacing-400-pl":{"padding-left":"24px","@media (min-width: 1024px)":{"padding-left":"32px"},"@media (min-width: 1440px)":{"padding-left":"40px"}},".container-spacing-400-pr":{"padding-right":"24px","@media (min-width: 1024px)":{"padding-right":"32px"},"@media (min-width: 1440px)":{"padding-right":"40px"}},".container-spacing-400-m":{"margin":"24px","@media (min-width: 1024px)":{"margin":"32px"},"@media (min-width: 1440px)":{"margin":"40px"}},".container-spacing-400-mx":{"margin-left":"24px","margin-right":"24px","@media (min-width: 1024px)":{"margin-left":"32px","margin-right":"32px"},"@media (min-width: 1440px)":{"margin-left":"40px","margin-right":"40px"}},".container-spacing-400-my":{"margin-top":"24px","margin-bottom":"24px","@media (min-width: 1024px)":{"margin-top":"32px","margin-bottom":"32px"},"@media (min-width: 1440px)":{"margin-top":"40px","margin-bottom":"40px"}},".container-spacing-400-mt":{"margin-top":"24px","@media (min-width: 1024px)":{"margin-top":"32px"},"@media (min-width: 1440px)":{"margin-top":"40px"}},".container-spacing-400-mb":{"margin-bottom":"24px","@media (min-width: 1024px)":{"margin-bottom":"32px"},"@media (min-width: 1440px)":{"margin-bottom":"40px"}},".container-spacing-400-ml":{"margin-left":"24px","@media (min-width: 1024px)":{"margin-left":"32px"},"@media (min-width: 1440px)":{"margin-left":"40px"}},".container-spacing-400-mr":{"margin-right":"24px","@media (min-width: 1024px)":{"margin-right":"32px"},"@media (min-width: 1440px)":{"margin-right":"40px"}},".container-spacing-400-gap":{"gap":"24px","@media (min-width: 1024px)":{"gap":"32px"},"@media (min-width: 1440px)":{"gap":"40px"}},".container-spacing-400-max-width":{"max-width":"24px","@media (min-width: 1024px)":{"max-width":"32px"},"@media (min-width: 1440px)":{"max-width":"40px"}},".container-spacing-400-min-width":{"min-width":"24px","@media (min-width: 1024px)":{"min-width":"32px"},"@media (min-width: 1440px)":{"min-width":"40px"}},".container-spacing-480-p":{"padding":"24px","@media (min-width: 1024px)":{"padding":"40px"},"@media (min-width: 1440px)":{"padding":"48px"}},".container-spacing-480-px":{"padding-left":"24px","padding-right":"24px","@media (min-width: 1024px)":{"padding-left":"40px","padding-right":"40px"},"@media (min-width: 1440px)":{"padding-left":"48px","padding-right":"48px"}},".container-spacing-480-py":{"padding-top":"24px","padding-bottom":"24px","@media (min-width: 1024px)":{"padding-top":"40px","padding-bottom":"40px"},"@media (min-width: 1440px)":{"padding-top":"48px","padding-bottom":"48px"}},".container-spacing-480-pt":{"padding-top":"24px","@media (min-width: 1024px)":{"padding-top":"40px"},"@media (min-width: 1440px)":{"padding-top":"48px"}},".container-spacing-480-pb":{"padding-bottom":"24px","@media (min-width: 1024px)":{"padding-bottom":"40px"},"@media (min-width: 1440px)":{"padding-bottom":"48px"}},".container-spacing-480-pl":{"padding-left":"24px","@media (min-width: 1024px)":{"padding-left":"40px"},"@media (min-width: 1440px)":{"padding-left":"48px"}},".container-spacing-480-pr":{"padding-right":"24px","@media (min-width: 1024px)":{"padding-right":"40px"},"@media (min-width: 1440px)":{"padding-right":"48px"}},".container-spacing-480-m":{"margin":"24px","@media (min-width: 1024px)":{"margin":"40px"},"@media (min-width: 1440px)":{"margin":"48px"}},".container-spacing-480-mx":{"margin-left":"24px","margin-right":"24px","@media (min-width: 1024px)":{"margin-left":"40px","margin-right":"40px"},"@media (min-width: 1440px)":{"margin-left":"48px","margin-right":"48px"}},".container-spacing-480-my":{"margin-top":"24px","margin-bottom":"24px","@media (min-width: 1024px)":{"margin-top":"40px","margin-bottom":"40px"},"@media (min-width: 1440px)":{"margin-top":"48px","margin-bottom":"48px"}},".container-spacing-480-mt":{"margin-top":"24px","@media (min-width: 1024px)":{"margin-top":"40px"},"@media (min-width: 1440px)":{"margin-top":"48px"}},".container-spacing-480-mb":{"margin-bottom":"24px","@media (min-width: 1024px)":{"margin-bottom":"40px"},"@media (min-width: 1440px)":{"margin-bottom":"48px"}},".container-spacing-480-ml":{"margin-left":"24px","@media (min-width: 1024px)":{"margin-left":"40px"},"@media (min-width: 1440px)":{"margin-left":"48px"}},".container-spacing-480-mr":{"margin-right":"24px","@media (min-width: 1024px)":{"margin-right":"40px"},"@media (min-width: 1440px)":{"margin-right":"48px"}},".container-spacing-480-gap":{"gap":"24px","@media (min-width: 1024px)":{"gap":"40px"},"@media (min-width: 1440px)":{"gap":"48px"}},".container-spacing-480-max-width":{"max-width":"24px","@media (min-width: 1024px)":{"max-width":"40px"},"@media (min-width: 1440px)":{"max-width":"48px"}},".container-spacing-480-min-width":{"min-width":"24px","@media (min-width: 1024px)":{"min-width":"40px"},"@media (min-width: 1440px)":{"min-width":"48px"}},".container-spacing-640-p":{"padding":"24px","@media (min-width: 580px)":{"padding":"40px"},"@media (min-width: 1024px)":{"padding":"64px"}},".container-spacing-640-px":{"padding-left":"24px","padding-right":"24px","@media (min-width: 580px)":{"padding-left":"40px","padding-right":"40px"},"@media (min-width: 1024px)":{"padding-left":"64px","padding-right":"64px"}},".container-spacing-640-py":{"padding-top":"24px","padding-bottom":"24px","@media (min-width: 580px)":{"padding-top":"40px","padding-bottom":"40px"},"@media (min-width: 1024px)":{"padding-top":"64px","padding-bottom":"64px"}},".container-spacing-640-pt":{"padding-top":"24px","@media (min-width: 580px)":{"padding-top":"40px"},"@media (min-width: 1024px)":{"padding-top":"64px"}},".container-spacing-640-pb":{"padding-bottom":"24px","@media (min-width: 580px)":{"padding-bottom":"40px"},"@media (min-width: 1024px)":{"padding-bottom":"64px"}},".container-spacing-640-pl":{"padding-left":"24px","@media (min-width: 580px)":{"padding-left":"40px"},"@media (min-width: 1024px)":{"padding-left":"64px"}},".container-spacing-640-pr":{"padding-right":"24px","@media (min-width: 580px)":{"padding-right":"40px"},"@media (min-width: 1024px)":{"padding-right":"64px"}},".container-spacing-640-m":{"margin":"24px","@media (min-width: 580px)":{"margin":"40px"},"@media (min-width: 1024px)":{"margin":"64px"}},".container-spacing-640-mx":{"margin-left":"24px","margin-right":"24px","@media (min-width: 580px)":{"margin-left":"40px","margin-right":"40px"},"@media (min-width: 1024px)":{"margin-left":"64px","margin-right":"64px"}},".container-spacing-640-my":{"margin-top":"24px","margin-bottom":"24px","@media (min-width: 580px)":{"margin-top":"40px","margin-bottom":"40px"},"@media (min-width: 1024px)":{"margin-top":"64px","margin-bottom":"64px"}},".container-spacing-640-mt":{"margin-top":"24px","@media (min-width: 580px)":{"margin-top":"40px"},"@media (min-width: 1024px)":{"margin-top":"64px"}},".container-spacing-640-mb":{"margin-bottom":"24px","@media (min-width: 580px)":{"margin-bottom":"40px"},"@media (min-width: 1024px)":{"margin-bottom":"64px"}},".container-spacing-640-ml":{"margin-left":"24px","@media (min-width: 580px)":{"margin-left":"40px"},"@media (min-width: 1024px)":{"margin-left":"64px"}},".container-spacing-640-mr":{"margin-right":"24px","@media (min-width: 580px)":{"margin-right":"40px"},"@media (min-width: 1024px)":{"margin-right":"64px"}},".container-spacing-640-gap":{"gap":"24px","@media (min-width: 580px)":{"gap":"40px"},"@media (min-width: 1024px)":{"gap":"64px"}},".container-spacing-640-max-width":{"max-width":"24px","@media (min-width: 580px)":{"max-width":"40px"},"@media (min-width: 1024px)":{"max-width":"64px"}},".container-spacing-640-min-width":{"min-width":"24px","@media (min-width: 580px)":{"min-width":"40px"},"@media (min-width: 1024px)":{"min-width":"64px"}},".section-padding-px-240":{"padding-left":"16px","padding-right":"16px","@media (min-width: 580px)":{"padding-left":"24px","padding-right":"24px"}},".section-padding-py-240":{"padding-top":"16px","padding-bottom":"16px","@media (min-width: 580px)":{"padding-top":"24px","padding-bottom":"24px"}},".section-padding-px-400":{"padding-left":"16px","padding-right":"16px","@media (min-width: 580px)":{"padding-left":"24px","padding-right":"24px"},"@media (min-width: 1024px)":{"padding-left":"40px","padding-right":"40px"}},".section-padding-py-400":{"padding-top":"16px","padding-bottom":"16px","@media (min-width: 580px)":{"padding-top":"24px","padding-bottom":"24px"},"@media (min-width: 1024px)":{"padding-top":"40px","padding-bottom":"40px"}},".section-padding-px-800":{"padding-left":"16px","padding-right":"16px","@media (min-width: 580px)":{"padding-left":"40px","padding-right":"40px"},"@media (min-width: 1440px)":{"padding-left":"80px","padding-right":"80px"}},".section-padding-py-800":{"padding-top":"80px","padding-bottom":"80px"},".section-padding-py-1200":{"padding-top":"80px","padding-bottom":"80px","@media (min-width: 1024px)":{"padding-top":"120px","padding-bottom":"120px"}},".section-padding-py-1600":{"padding-top":"80px","padding-bottom":"80px","@media (min-width: 580px)":{"padding-top":"120px","padding-bottom":"120px"},"@media (min-width: 1024px)":{"padding-top":"160px","padding-bottom":"160px"}},".section-padding-px-2400":{"padding-left":"16px","padding-right":"16px","@media (min-width: 580px)":{"padding-left":"40px","padding-right":"40px"},"@media (min-width: 1024px)":{"padding-left":"120px","padding-right":"120px"},"@media (min-width: 1440px)":{"padding-left":"240px","padding-right":"240px"}},".section-gap-240":{"gap":"24px"},".section-gap-400":{"gap":"40px"},".section-gap-800":{"gap":"80px"},".section-gap-1200":{"gap":"80px","@media (min-width: 1440px)":{"gap":"120px"}},".section-max-width-100":{"max-width":"480px"},".section-max-width-200":{"max-width":"800px"},".screens-padding-px-800":{"padding-left":"16px","padding-right":"16px","@media (min-width: 580px)":{"padding-left":"24px","padding-right":"24px"},"@media (min-width: 1024px)":{"padding-left":"80px","padding-right":"80px"}},".screens-padding-py-800":{"padding-top":"16px","padding-bottom":"16px","@media (min-width: 580px)":{"padding-top":"24px","padding-bottom":"24px"},"@media (min-width: 1024px)":{"padding-top":"80px","padding-bottom":"80px"}}};
    "
`;

exports[`responsivePlugin should write screens js file and run formatting tool: /export-path/screens.ts 1`] = `
"
    /* eslint-disable max-lines */
    /* eslint-disable @typescript-eslint/naming-convention */
    export const screens = {"lg":"1440px","md":"1024px","sm":"580px","bs":"320px"};
    "
`;
